arrays/bounds_error	raised
arrays/dynamic_bounds_explicit_dim	compiled
arrays/dynamic_lbound_dim_zero_error	raised
arrays/dynamic_lbound_unallocated_error	raised
arrays/dynamic_types	compiled
arrays/dynamic_ubound_dim_too_high_error	raised
arrays/dynamic_ubound_unallocated_error	raised
arrays/erase_dynamic_boolean_3d_unallocated_error	raised
arrays/erase_dynamic_boolean_4d_unallocated_error	raised
arrays/erase_dynamic_boolean_multidim_unallocated_error	raised
arrays/erase_dynamic_boolean_unallocated_error	raised
arrays/erase_dynamic_bounds_error	raised
arrays/erase_dynamic_byte_3d_unallocated_error	raised
arrays/erase_dynamic_byte_4d_unallocated_error	raised
arrays/erase_dynamic_byte_multidim_unallocated_error	raised
arrays/erase_dynamic_byte_unallocated_error	raised
arrays/erase_dynamic_currency_3d_unallocated_error	raised
arrays/erase_dynamic_currency_4d_unallocated_error	raised
arrays/erase_dynamic_currency_multidim_unallocated_error	raised
arrays/erase_dynamic_currency_unallocated_error	raised
arrays/erase_dynamic_date_3d_unallocated_error	raised
arrays/erase_dynamic_date_4d_unallocated_error	raised
arrays/erase_dynamic_date_multidim_unallocated_error	raised
arrays/erase_dynamic_date_unallocated_error	raised
arrays/erase_dynamic_double_3d_unallocated_error	raised
arrays/erase_dynamic_double_4d_unallocated_error	raised
arrays/erase_dynamic_double_multidim_unallocated_error	raised
arrays/erase_dynamic_double_unallocated_error	raised
arrays/erase_dynamic_integer_3d_unallocated_error	raised
arrays/erase_dynamic_integer_4d_unallocated_error	raised
arrays/erase_dynamic_integer_multidim_unallocated_error	raised
arrays/erase_dynamic_integer_unallocated_error	raised
arrays/erase_dynamic_lbound_unallocated_error	raised
arrays/erase_dynamic_long_3d_unallocated_error	raised
arrays/erase_dynamic_long_4d_unallocated_error	raised
arrays/erase_dynamic_long_multidim_unallocated_error	raised
arrays/erase_dynamic_long_unallocated_error	raised
arrays/erase_dynamic_longlong_3d_unallocated_error	raised
arrays/erase_dynamic_longlong_4d_unallocated_error	raised
arrays/erase_dynamic_longlong_multidim_unallocated_error	raised
arrays/erase_dynamic_longlong_unallocated_error	raised
arrays/erase_dynamic_single_3d_unallocated_error	raised
arrays/erase_dynamic_single_4d_unallocated_error	raised
arrays/erase_dynamic_single_multidim_unallocated_error	raised
arrays/erase_dynamic_single_unallocated_error	raised
arrays/erase_dynamic_string_3d_unallocated_error	raised
arrays/erase_dynamic_string_4d_unallocated_error	raised
arrays/erase_dynamic_string_multidim_unallocated_error	raised
arrays/erase_dynamic_string_unallocated_error	raised
arrays/erase_dynamic_ubound_unallocated_error	raised
arrays/erase_fixed_bounds_preserved	compiled
arrays/erase_fixed_long_rejects_string_after_reset	raised
arrays/erase_fixed_long_reset	compiled
arrays/erase_fixed_reset	compiled
arrays/erase_fixed_typed_scalar_3d_reset_bundle	compiled
arrays/erase_fixed_typed_scalar_4d_reset_bundle	compiled
arrays/erase_fixed_typed_scalar_multidim_reset_bundle	compiled
arrays/erase_fixed_typed_scalar_reset_bundle	compiled
arrays/explicit_lower_bound	compiled
arrays/fixed_bounds_explicit_dim	compiled
arrays/fixed_information	compiled
arrays/fixed_information_after_erase	compiled
arrays/fixed_lbound_dim_zero_error	raised
arrays/fixed_string_3d_typed_store_load	compiled
arrays/fixed_string_4d_typed_store_load	compiled
arrays/fixed_string_dynamic_3d_typed_store_load	compiled
arrays/fixed_string_dynamic_4d_typed_store_load	compiled
arrays/fixed_string_dynamic_multidim_typed_store_load	compiled
arrays/fixed_string_dynamic_typed_store_load	compiled
arrays/fixed_string_multidim_typed_store_load	compiled
arrays/fixed_string_typed_store_load	compiled
arrays/fixed_ubound_dim_too_high_error	raised
arrays/literal_bounds	compiled
arrays/literal_bounds_dim_too_high_error	raised
arrays/literal_bounds_dim_zero_error	raised
arrays/literal_bounds_explicit_dim	compiled
arrays/literal_types	compiled
arrays/long_read_to_variant	compiled
arrays/long_typed_store_load	compiled
arrays/multidim_indexing	compiled
arrays/option_base_one_bounds	compiled
arrays/redim_dynamic_bound_expression	compiled
arrays/redim_expand	compiled
arrays/redim_fixed_variant_array_error	raised
arrays/redim_negative_lower_bound	compiled
arrays/redim_option_base_one_bounds	compiled
arrays/redim_preserve_explicit_lower_keeps_value	compiled
arrays/redim_preserve_fixed_variant_array_error	raised
arrays/redim_preserve_illegal_non_last_dim_error	raised
arrays/redim_preserve_keeps_values	compiled
arrays/redim_preserve_lower_bound_change_error	raised
arrays/redim_preserve_multidim_last_dimension	compiled
arrays/redim_preserve_shrink_expand_clears_tail	compiled
arrays/redim_preserve_unallocated_defaults	compiled
arrays/redim_preserve_upper_less_than_lower_error	raised
arrays/redim_shrink_bounds_error	raised
arrays/redim_upper_less_than_lower_error	raised
arrays/redim_without_preserve_resets	compiled
arrays/store_load	compiled
arrays/string_typed_store_load	compiled
arrays/typed_long_3d_lbound_dim_expr_zero_error	raised
arrays/typed_long_3d_lbound_dim_zero_error	raised
arrays/typed_long_3d_ubound_dim_expr_too_high_error	raised
arrays/typed_long_3d_ubound_dim_too_high_error	raised
arrays/typed_long_4d_lbound_dim_expr_zero_error	raised
arrays/typed_long_4d_lbound_dim_zero_error	raised
arrays/typed_long_4d_ubound_dim_expr_too_high_error	raised
arrays/typed_long_4d_ubound_dim_too_high_error	raised
arrays/typed_long_dynamic_3d_lbound_dim_expr_zero_error	raised
arrays/typed_long_dynamic_3d_lbound_dim_zero_error	raised
arrays/typed_long_dynamic_3d_ubound_dim_expr_too_high_error	raised
arrays/typed_long_dynamic_3d_ubound_dim_too_high_error	raised
arrays/typed_long_dynamic_4d_lbound_dim_expr_zero_error	raised
arrays/typed_long_dynamic_4d_lbound_dim_zero_error	raised
arrays/typed_long_dynamic_4d_ubound_dim_expr_too_high_error	raised
arrays/typed_long_dynamic_4d_ubound_dim_too_high_error	raised
arrays/typed_long_dynamic_multidim_lbound_dim_expr_zero_error	raised
arrays/typed_long_dynamic_multidim_lbound_dim_zero_error	raised
arrays/typed_long_dynamic_multidim_ubound_dim_expr_too_high_error	raised
arrays/typed_long_dynamic_multidim_ubound_dim_too_high_error	raised
arrays/typed_long_multidim_lbound_dim_expr_zero_error	raised
arrays/typed_long_multidim_lbound_dim_zero_error	raised
arrays/typed_long_multidim_ubound_dim_expr_too_high_error	raised
arrays/typed_long_multidim_ubound_dim_too_high_error	raised
arrays/typed_scalar_3d_bounds_bundle	compiled
arrays/typed_scalar_3d_store_load_bundle	compiled
arrays/typed_scalar_4d_bounds_bundle	compiled
arrays/typed_scalar_4d_store_load_bundle	compiled
arrays/typed_scalar_dynamic_3d_bounds_bundle	compiled
arrays/typed_scalar_dynamic_3d_store_load_bundle	compiled
arrays/typed_scalar_dynamic_4d_bounds_bundle	compiled
arrays/typed_scalar_dynamic_4d_store_load_bundle	compiled
arrays/typed_scalar_dynamic_multidim_bounds_bundle	compiled
arrays/typed_scalar_dynamic_multidim_bounds_dim_expr_bundle	compiled
arrays/typed_scalar_dynamic_multidim_store_load_bundle	compiled
arrays/typed_scalar_dynamic_store_load_bundle	compiled
arrays/typed_scalar_multidim_bounds_bundle	compiled
arrays/typed_scalar_multidim_bounds_dim_expr_bundle	compiled
arrays/typed_scalar_multidim_store_load_bundle	compiled
arrays/typed_scalar_store_load_bundle	compiled
arrays/zero_index	compiled
calls/bool_byval	compiled
calls/bool_return	compiled
calls/byref_long	compiled
calls/byte_byref	compiled
calls/byte_byval	compiled
calls/byte_return	compiled
calls/consolidate_nested_call_chain	compiled
calls/currency_byref	compiled
calls/currency_byval	compiled
calls/currency_return	compiled
calls/date_byref	compiled
calls/date_byval	compiled
calls/date_return	compiled
calls/double_byref	compiled
calls/double_byval	compiled
calls/double_return	compiled
calls/five_arg_function_return_long	compiled
calls/four_arg_mixed_scalar	compiled
calls/function_return_long	compiled
calls/gosub_basic	compiled
calls/gosub_repeated	compiled
calls/integer_byref	compiled
calls/integer_return	compiled
calls/long_return_to_variant	compiled
calls/longlong_byref	compiled
calls/longlong_byval	compiled
calls/longlong_return	compiled
calls/longptr_byval_return	compiled
calls/mixed_byref_byval_long	compiled
calls/nested_byref_long	compiled
calls/optional_bool_default	compiled
calls/optional_bool_explicit_double_zero_coerce	compiled
calls/optional_bool_explicit_empty_coerce	compiled
calls/optional_bool_explicit_local	compiled
calls/optional_bool_explicit_long_coerce	compiled
calls/optional_bool_explicit_null_coerce_error	raised
calls/optional_bool_explicit_variant_double_zero_coerce	compiled
calls/optional_bool_explicit_variant_empty_coerce	compiled
calls/optional_bool_explicit_variant_long_coerce	compiled
calls/optional_bool_explicit_variant_null_coerce_error	raised
calls/optional_bool_named_arg_order_double_zero_coerce	compiled
calls/optional_bool_named_double_zero_coerce	compiled
calls/optional_bool_named_empty_coerce	compiled
calls/optional_bool_named_explicit_local	compiled
calls/optional_bool_named_long_coerce	compiled
calls/optional_bool_named_null_coerce_error	raised
calls/optional_bool_named_variant_double_zero_coerce	compiled
calls/optional_bool_named_variant_empty_coerce	compiled
calls/optional_bool_named_variant_long_coerce	compiled
calls/optional_bool_named_variant_null_coerce_error	raised
calls/optional_bool_omitted	compiled
calls/optional_byte_default	compiled
calls/optional_byte_explicit_integer_coerce	compiled
calls/optional_byte_explicit_local	compiled
calls/optional_byte_explicit_long_coerce	compiled
calls/optional_byte_explicit_long_overflow	raised
calls/optional_byte_explicit_null_coerce_error	raised
calls/optional_byte_explicit_variant_integer_coerce	compiled
calls/optional_byte_explicit_variant_long_coerce	compiled
calls/optional_byte_explicit_variant_long_overflow	raised
calls/optional_byte_explicit_variant_null_coerce_error	raised
calls/optional_byte_named_explicit_local	compiled
calls/optional_byte_named_integer_coerce	compiled
calls/optional_byte_named_long_coerce	compiled
calls/optional_byte_named_long_overflow	raised
calls/optional_byte_named_null_coerce_error	raised
calls/optional_byte_named_variant_integer_coerce	compiled
calls/optional_byte_named_variant_long_coerce	compiled
calls/optional_byte_named_variant_long_overflow	raised
calls/optional_byte_named_variant_null_coerce_error	raised
calls/optional_byte_omitted	compiled
calls/optional_currency_default	compiled
calls/optional_currency_explicit_double_coerce	compiled
calls/optional_currency_explicit_integer_coerce	compiled
calls/optional_currency_explicit_local	compiled
calls/optional_currency_explicit_long_coerce	compiled
calls/optional_currency_explicit_null_coerce_error	raised
calls/optional_currency_explicit_variant_double_coerce	compiled
calls/optional_currency_explicit_variant_integer_coerce	compiled
calls/optional_currency_explicit_variant_long_coerce	compiled
calls/optional_currency_explicit_variant_null_coerce_error	raised
calls/optional_currency_named_arg_order_integer_coerce	compiled
calls/optional_currency_named_double_coerce	compiled
calls/optional_currency_named_explicit_local	compiled
calls/optional_currency_named_integer_coerce	compiled
calls/optional_currency_named_long_coerce	compiled
calls/optional_currency_named_null_coerce_error	raised
calls/optional_currency_named_variant_double_coerce	compiled
calls/optional_currency_named_variant_integer_coerce	compiled
calls/optional_currency_named_variant_long_coerce	compiled
calls/optional_currency_named_variant_null_coerce_error	raised
calls/optional_currency_omitted	compiled
calls/optional_date_default	compiled
calls/optional_date_explicit_double_coerce	compiled
calls/optional_date_explicit_empty_coerce	compiled
calls/optional_date_explicit_local	compiled
calls/optional_date_explicit_long_coerce	compiled
calls/optional_date_explicit_null_coerce_error	raised
calls/optional_date_explicit_variant_double_coerce	compiled
calls/optional_date_explicit_variant_empty_coerce	compiled
calls/optional_date_explicit_variant_long_coerce	compiled
calls/optional_date_explicit_variant_null_coerce_error	raised
calls/optional_date_named_double_coerce	compiled
calls/optional_date_named_empty_coerce	compiled
calls/optional_date_named_explicit_local	compiled
calls/optional_date_named_long_coerce	compiled
calls/optional_date_named_null_coerce_error	raised
calls/optional_date_named_variant_double_coerce	compiled
calls/optional_date_named_variant_empty_coerce	compiled
calls/optional_date_named_variant_long_coerce	compiled
calls/optional_date_named_variant_null_coerce_error	raised
calls/optional_date_omitted	compiled
calls/optional_double_default	compiled
calls/optional_double_explicit_currency_coerce	compiled
calls/optional_double_explicit_local	compiled
calls/optional_double_explicit_long_coerce	compiled
calls/optional_double_explicit_null_coerce_error	raised
calls/optional_double_explicit_single_coerce	compiled
calls/optional_double_explicit_variant_currency_coerce	compiled
calls/optional_double_explicit_variant_long_coerce	compiled
calls/optional_double_explicit_variant_null_coerce_error	raised
calls/optional_double_explicit_variant_single_coerce	compiled
calls/optional_double_named_arg_order_long_coerce	compiled
calls/optional_double_named_currency_coerce	compiled
calls/optional_double_named_explicit_local	compiled
calls/optional_double_named_long_coerce	compiled
calls/optional_double_named_null_coerce_error	raised
calls/optional_double_named_single_coerce	compiled
calls/optional_double_named_variant_currency_coerce	compiled
calls/optional_double_named_variant_long_coerce	compiled
calls/optional_double_named_variant_null_coerce_error	raised
calls/optional_double_named_variant_single_coerce	compiled
calls/optional_double_omitted	compiled
calls/optional_integer_default	compiled
calls/optional_integer_explicit_byte_coerce	compiled
calls/optional_integer_explicit_local	compiled
calls/optional_integer_explicit_long_coerce	compiled
calls/optional_integer_explicit_long_overflow	raised
calls/optional_integer_explicit_null_coerce_error	raised
calls/optional_integer_explicit_variant_byte_coerce	compiled
calls/optional_integer_explicit_variant_long_coerce	compiled
calls/optional_integer_explicit_variant_long_overflow	raised
calls/optional_integer_explicit_variant_null_coerce_error	raised
calls/optional_integer_named_byte_coerce	compiled
calls/optional_integer_named_explicit_local	compiled
calls/optional_integer_named_long_coerce	compiled
calls/optional_integer_named_long_overflow	raised
calls/optional_integer_named_null_coerce_error	raised
calls/optional_integer_named_variant_byte_coerce	compiled
calls/optional_integer_named_variant_long_coerce	compiled
calls/optional_integer_named_variant_long_overflow	raised
calls/optional_integer_named_variant_null_coerce_error	raised
calls/optional_integer_omitted	compiled
calls/optional_long_default	compiled
calls/optional_long_explicit_boolean_coerce	compiled
calls/optional_long_explicit_double_coerce	compiled
calls/optional_long_explicit_empty_coerce	compiled
calls/optional_long_explicit_error_coerce_error	raised
calls/optional_long_explicit_local	compiled
calls/optional_long_explicit_null_coerce_error	raised
calls/optional_long_explicit_variant_boolean_coerce	compiled
calls/optional_long_explicit_variant_double_coerce	compiled
calls/optional_long_explicit_variant_empty_coerce	compiled
calls/optional_long_explicit_variant_error_coerce_error	raised
calls/optional_long_explicit_variant_null_coerce_error	raised
calls/optional_long_named_arg_order_double_coerce	compiled
calls/optional_long_named_boolean_coerce	compiled
calls/optional_long_named_double_coerce	compiled
calls/optional_long_named_empty_coerce	compiled
calls/optional_long_named_error_coerce_error	raised
calls/optional_long_named_explicit_local	compiled
calls/optional_long_named_null_coerce_error	raised
calls/optional_long_named_variant_boolean_coerce	compiled
calls/optional_long_named_variant_double_coerce	compiled
calls/optional_long_named_variant_empty_coerce	compiled
calls/optional_long_named_variant_error_coerce_error	raised
calls/optional_long_named_variant_null_coerce_error	raised
calls/optional_long_omitted	compiled
calls/optional_longlong_default	compiled
calls/optional_longlong_explicit_double_coerce	compiled
calls/optional_longlong_explicit_local	compiled
calls/optional_longlong_explicit_long_coerce	compiled
calls/optional_longlong_explicit_null_coerce_error	raised
calls/optional_longlong_explicit_variant_double_coerce	compiled
calls/optional_longlong_explicit_variant_long_coerce	compiled
calls/optional_longlong_explicit_variant_null_coerce_error	raised
calls/optional_longlong_named_double_coerce	compiled
calls/optional_longlong_named_explicit_local	compiled
calls/optional_longlong_named_long_coerce	compiled
calls/optional_longlong_named_null_coerce_error	raised
calls/optional_longlong_named_variant_double_coerce	compiled
calls/optional_longlong_named_variant_long_coerce	compiled
calls/optional_longlong_named_variant_null_coerce_error	raised
calls/optional_longlong_omitted	compiled
calls/optional_single_default	compiled
calls/optional_single_explicit_currency_coerce	compiled
calls/optional_single_explicit_double_coerce	compiled
calls/optional_single_explicit_local	compiled
calls/optional_single_explicit_long_coerce	compiled
calls/optional_single_explicit_null_coerce_error	raised
calls/optional_single_explicit_variant_currency_coerce	compiled
calls/optional_single_explicit_variant_double_coerce	compiled
calls/optional_single_explicit_variant_long_coerce	compiled
calls/optional_single_explicit_variant_null_coerce_error	raised
calls/optional_single_named_currency_coerce	compiled
calls/optional_single_named_double_coerce	compiled
calls/optional_single_named_explicit_local	compiled
calls/optional_single_named_long_coerce	compiled
calls/optional_single_named_null_coerce_error	raised
calls/optional_single_named_variant_currency_coerce	compiled
calls/optional_single_named_variant_double_coerce	compiled
calls/optional_single_named_variant_long_coerce	compiled
calls/optional_single_named_variant_null_coerce_error	raised
calls/optional_single_omitted	compiled
calls/optional_string_default	compiled
calls/optional_string_explicit_boolean_coerce	compiled
calls/optional_string_explicit_byte_coerce	compiled
calls/optional_string_explicit_cdate_invalid_string_literal_error	raised
calls/optional_string_explicit_cdate_invalid_string_local_error	raised
calls/optional_string_explicit_cdate_month_name_literal_coerce	compiled
calls/optional_string_explicit_cdate_month_name_local_coerce	compiled
calls/optional_string_explicit_cdate_numeric_coerce	compiled
calls/optional_string_explicit_cdate_string_literal_coerce	compiled
calls/optional_string_explicit_cdate_string_local_coerce	compiled
calls/optional_string_explicit_currency_coerce	compiled
calls/optional_string_explicit_date_literal_coerce	compiled
calls/optional_string_explicit_date_local_coerce	compiled
calls/optional_string_explicit_dateserial_coerce	compiled
calls/optional_string_explicit_decimal_coerce	compiled
calls/optional_string_explicit_double_coerce	compiled
calls/optional_string_explicit_empty_coerce	compiled
calls/optional_string_explicit_error_coerce	compiled
calls/optional_string_explicit_integer_coerce	compiled
calls/optional_string_explicit_longlong_coerce	compiled
calls/optional_string_explicit_null_coerce_error	raised
calls/optional_string_explicit_numeric_coerce	compiled
calls/optional_string_explicit_single_coerce	compiled
calls/optional_string_explicit_string_literal	compiled
calls/optional_string_explicit_string_local	compiled
calls/optional_string_explicit_variant_boolean_coerce	compiled
calls/optional_string_explicit_variant_byte_coerce	compiled
calls/optional_string_explicit_variant_coerce	compiled
calls/optional_string_explicit_variant_currency_coerce	compiled
calls/optional_string_explicit_variant_date_coerce	compiled
calls/optional_string_explicit_variant_decimal_coerce	compiled
calls/optional_string_explicit_variant_double_coerce	compiled
calls/optional_string_explicit_variant_empty_coerce	compiled
calls/optional_string_explicit_variant_error_coerce	compiled
calls/optional_string_explicit_variant_integer_coerce	compiled
calls/optional_string_explicit_variant_longlong_coerce	compiled
calls/optional_string_explicit_variant_null_coerce_error	raised
calls/optional_string_explicit_variant_single_coerce	compiled
calls/optional_string_explicit_variant_string_coerce	compiled
calls/optional_string_named_arg_order_boolean_local_coerce	compiled
calls/optional_string_named_arg_order_byte_local_coerce	compiled
calls/optional_string_named_arg_order_cdate_invalid_string_literal_error	raised
calls/optional_string_named_arg_order_cdate_month_name_local_coerce	compiled
calls/optional_string_named_arg_order_cdate_numeric_coerce	compiled
calls/optional_string_named_arg_order_currency_local_coerce	compiled
calls/optional_string_named_arg_order_date_local_coerce	compiled
calls/optional_string_named_arg_order_dateserial_coerce	compiled
calls/optional_string_named_arg_order_double_coerce	compiled
calls/optional_string_named_arg_order_empty_coerce	compiled
calls/optional_string_named_arg_order_error_coerce	compiled
calls/optional_string_named_arg_order_integer_coerce	compiled
calls/optional_string_named_arg_order_long_coerce	compiled
calls/optional_string_named_arg_order_longlong_coerce	compiled
calls/optional_string_named_arg_order_null_coerce_error	raised
calls/optional_string_named_arg_order_single_coerce	compiled
calls/optional_string_named_arg_order_variant_boolean_coerce	compiled
calls/optional_string_named_arg_order_variant_byte_coerce	compiled
calls/optional_string_named_arg_order_variant_currency_coerce	compiled
calls/optional_string_named_arg_order_variant_date_coerce	compiled
calls/optional_string_named_arg_order_variant_decimal_coerce	compiled
calls/optional_string_named_arg_order_variant_double_coerce	compiled
calls/optional_string_named_arg_order_variant_empty_coerce	compiled
calls/optional_string_named_arg_order_variant_error_coerce	compiled
calls/optional_string_named_arg_order_variant_integer_coerce	compiled
calls/optional_string_named_arg_order_variant_longlong_coerce	compiled
calls/optional_string_named_arg_order_variant_single_coerce	compiled
calls/optional_string_named_arg_order_variant_string_coerce	compiled
calls/optional_string_named_boolean_coerce	compiled
calls/optional_string_named_byte_coerce	compiled
calls/optional_string_named_cdate_invalid_string_literal_error	raised
calls/optional_string_named_cdate_invalid_string_local_error	raised
calls/optional_string_named_cdate_month_name_literal_coerce	compiled
calls/optional_string_named_cdate_month_name_local_coerce	compiled
calls/optional_string_named_cdate_numeric_coerce	compiled
calls/optional_string_named_cdate_string_literal_coerce	compiled
calls/optional_string_named_cdate_string_local_coerce	compiled
calls/optional_string_named_currency_coerce	compiled
calls/optional_string_named_date_literal_coerce	compiled
calls/optional_string_named_date_local_coerce	compiled
calls/optional_string_named_dateserial_coerce	compiled
calls/optional_string_named_decimal_coerce	compiled
calls/optional_string_named_double_coerce	compiled
calls/optional_string_named_empty_coerce	compiled
calls/optional_string_named_error_coerce	compiled
calls/optional_string_named_integer_coerce	compiled
calls/optional_string_named_longlong_coerce	compiled
calls/optional_string_named_null_coerce_error	raised
calls/optional_string_named_numeric_coerce	compiled
calls/optional_string_named_single_coerce	compiled
calls/optional_string_named_string_literal	compiled
calls/optional_string_named_string_local	compiled
calls/optional_string_named_variant_boolean_coerce	compiled
calls/optional_string_named_variant_byte_coerce	compiled
calls/optional_string_named_variant_coerce	compiled
calls/optional_string_named_variant_currency_coerce	compiled
calls/optional_string_named_variant_date_coerce	compiled
calls/optional_string_named_variant_decimal_coerce	compiled
calls/optional_string_named_variant_double_coerce	compiled
calls/optional_string_named_variant_empty_coerce	compiled
calls/optional_string_named_variant_error_coerce	compiled
calls/optional_string_named_variant_integer_coerce	compiled
calls/optional_string_named_variant_longlong_coerce	compiled
calls/optional_string_named_variant_null_coerce_error	raised
calls/optional_string_named_variant_single_coerce	compiled
calls/optional_string_named_variant_string_coerce	compiled
calls/optional_string_omitted	compiled
calls/optional_variant_default	compiled
calls/optional_variant_explicit_local	compiled
calls/optional_variant_intermediate_omitted_ismissing	compiled
calls/optional_variant_named_explicit_local	compiled
calls/optional_variant_omitted	compiled
calls/scalar_returns_to_variant	compiled
calls/single_byref	compiled
calls/single_byval	compiled
calls/single_return	compiled
calls/static_sub_byval_long	compiled
calls/string_byref	compiled
calls/string_byval_boolean_local_coerce_return	compiled
calls/string_byval_byte_local_coerce_return	compiled
calls/string_byval_cdate_invalid_string_literal_error	raised
calls/string_byval_cdate_invalid_string_local_error	raised
calls/string_byval_cdate_month_name_literal_coerce_return	compiled
calls/string_byval_cdate_month_name_local_coerce_return	compiled
calls/string_byval_cdate_numeric_coerce_return	compiled
calls/string_byval_cdate_string_literal_coerce_return	compiled
calls/string_byval_cdate_string_local_coerce_return	compiled
calls/string_byval_currency_local_coerce_return	compiled
calls/string_byval_date_literal_coerce_return	compiled
calls/string_byval_date_local_coerce_return	compiled
calls/string_byval_dateserial_coerce_return	compiled
calls/string_byval_double_local_coerce_return	compiled
calls/string_byval_integer_local_coerce_return	compiled
calls/string_byval_local_return	compiled
calls/string_byval_long_local_coerce_return	compiled
calls/string_byval_longlong_local_coerce_return	compiled
calls/string_byval_numeric_coerce_return	compiled
calls/string_byval_return	compiled
calls/string_byval_single_local_coerce_return	compiled
calls/string_byval_variant_boolean_local_coerce_return	compiled
calls/string_byval_variant_byte_local_coerce_return	compiled
calls/string_byval_variant_currency_local_coerce_return	compiled
calls/string_byval_variant_date_local_coerce_return	compiled
calls/string_byval_variant_decimal_local_coerce_return	compiled
calls/string_byval_variant_double_local_coerce_return	compiled
calls/string_byval_variant_empty_local_coerce_return	compiled
calls/string_byval_variant_error_local_coerce_return	compiled
calls/string_byval_variant_integer_local_coerce_return	compiled
calls/string_byval_variant_local_coerce_return	compiled
calls/string_byval_variant_longlong_local_coerce_return	compiled
calls/string_byval_variant_null_local_coerce_error	raised
calls/string_byval_variant_single_local_coerce_return	compiled
calls/string_byval_variant_string_local_coerce_return	compiled
calls/string_mixed_byref_byval	compiled
calls/string_mixed_byref_byval_boolean_local_coerce	compiled
calls/string_mixed_byref_byval_byte_local_coerce	compiled
calls/string_mixed_byref_byval_cdate_invalid_string_literal_error	raised
calls/string_mixed_byref_byval_cdate_invalid_string_local_error	raised
calls/string_mixed_byref_byval_cdate_month_name_literal_coerce	compiled
calls/string_mixed_byref_byval_cdate_month_name_local_coerce	compiled
calls/string_mixed_byref_byval_cdate_numeric_coerce	compiled
calls/string_mixed_byref_byval_cdate_string_literal_coerce	compiled
calls/string_mixed_byref_byval_cdate_string_local_coerce	compiled
calls/string_mixed_byref_byval_currency_local_coerce	compiled
calls/string_mixed_byref_byval_date_literal_coerce	compiled
calls/string_mixed_byref_byval_date_local_coerce	compiled
calls/string_mixed_byref_byval_dateserial_coerce	compiled
calls/string_mixed_byref_byval_double_local_coerce	compiled
calls/string_mixed_byref_byval_integer_local_coerce	compiled
calls/string_mixed_byref_byval_long_local_coerce	compiled
calls/string_mixed_byref_byval_longlong_local_coerce	compiled
calls/string_mixed_byref_byval_numeric_coerce	compiled
calls/string_mixed_byref_byval_single_local_coerce	compiled
calls/string_mixed_byref_byval_variant_boolean_local_coerce	compiled
calls/string_mixed_byref_byval_variant_byte_local_coerce	compiled
calls/string_mixed_byref_byval_variant_currency_local_coerce	compiled
calls/string_mixed_byref_byval_variant_date_local_coerce	compiled
calls/string_mixed_byref_byval_variant_decimal_local_coerce	compiled
calls/string_mixed_byref_byval_variant_double_local_coerce	compiled
calls/string_mixed_byref_byval_variant_empty_local_coerce	compiled
calls/string_mixed_byref_byval_variant_error_local_coerce	compiled
calls/string_mixed_byref_byval_variant_integer_local_coerce	compiled
calls/string_mixed_byref_byval_variant_local_coerce	compiled
calls/string_mixed_byref_byval_variant_longlong_local_coerce	compiled
calls/string_mixed_byref_byval_variant_null_local_coerce_error	raised
calls/string_mixed_byref_byval_variant_single_local_coerce	compiled
calls/string_mixed_byref_byval_variant_string_local_coerce	compiled
calls/string_named_byval_boolean_local_coerce_return	compiled
calls/string_named_byval_byte_local_coerce_return	compiled
calls/string_named_byval_cdate_invalid_string_literal_error	raised
calls/string_named_byval_cdate_invalid_string_local_error	raised
calls/string_named_byval_cdate_month_name_literal_coerce_return	compiled
calls/string_named_byval_cdate_month_name_local_coerce_return	compiled
calls/string_named_byval_cdate_numeric_coerce_return	compiled
calls/string_named_byval_cdate_string_literal_coerce_return	compiled
calls/string_named_byval_cdate_string_local_coerce_return	compiled
calls/string_named_byval_currency_local_coerce_return	compiled
calls/string_named_byval_date_literal_coerce_return	compiled
calls/string_named_byval_date_local_coerce_return	compiled
calls/string_named_byval_dateserial_coerce_return	compiled
calls/string_named_byval_double_local_coerce_return	compiled
calls/string_named_byval_integer_local_coerce_return	compiled
calls/string_named_byval_long_local_coerce_return	compiled
calls/string_named_byval_longlong_local_coerce_return	compiled
calls/string_named_byval_numeric_coerce_return	compiled
calls/string_named_byval_return	compiled
calls/string_named_byval_single_local_coerce_return	compiled
calls/string_named_byval_variant_boolean_local_coerce_return	compiled
calls/string_named_byval_variant_byte_local_coerce_return	compiled
calls/string_named_byval_variant_currency_local_coerce_return	compiled
calls/string_named_byval_variant_date_local_coerce_return	compiled
calls/string_named_byval_variant_decimal_local_coerce_return	compiled
calls/string_named_byval_variant_double_local_coerce_return	compiled
calls/string_named_byval_variant_empty_local_coerce_return	compiled
calls/string_named_byval_variant_error_local_coerce_return	compiled
calls/string_named_byval_variant_integer_local_coerce_return	compiled
calls/string_named_byval_variant_local_coerce_return	compiled
calls/string_named_byval_variant_longlong_local_coerce_return	compiled
calls/string_named_byval_variant_null_local_coerce_error	raised
calls/string_named_byval_variant_single_local_coerce_return	compiled
calls/string_named_byval_variant_string_local_coerce_return	compiled
calls/string_named_mixed_byref_byval	compiled
calls/string_named_mixed_byref_byval_boolean_local_coerce	compiled
calls/string_named_mixed_byref_byval_byte_local_coerce	compiled
calls/string_named_mixed_byref_byval_cdate_invalid_string_literal_error	raised
calls/string_named_mixed_byref_byval_cdate_invalid_string_local_error	raised
calls/string_named_mixed_byref_byval_cdate_month_name_literal_coerce	compiled
calls/string_named_mixed_byref_byval_cdate_month_name_local_coerce	compiled
calls/string_named_mixed_byref_byval_cdate_numeric_coerce	compiled
calls/string_named_mixed_byref_byval_cdate_string_literal_coerce	compiled
calls/string_named_mixed_byref_byval_cdate_string_local_coerce	compiled
calls/string_named_mixed_byref_byval_currency_local_coerce	compiled
calls/string_named_mixed_byref_byval_date_literal_coerce	compiled
calls/string_named_mixed_byref_byval_date_local_coerce	compiled
calls/string_named_mixed_byref_byval_dateserial_coerce	compiled
calls/string_named_mixed_byref_byval_double_local_coerce	compiled
calls/string_named_mixed_byref_byval_integer_local_coerce	compiled
calls/string_named_mixed_byref_byval_long_local_coerce	compiled
calls/string_named_mixed_byref_byval_longlong_local_coerce	compiled
calls/string_named_mixed_byref_byval_numeric_coerce	compiled
calls/string_named_mixed_byref_byval_single_local_coerce	compiled
calls/string_named_mixed_byref_byval_variant_boolean_local_coerce	compiled
calls/string_named_mixed_byref_byval_variant_byte_local_coerce	compiled
calls/string_named_mixed_byref_byval_variant_currency_local_coerce	compiled
calls/string_named_mixed_byref_byval_variant_date_local_coerce	compiled
calls/string_named_mixed_byref_byval_variant_decimal_local_coerce	compiled
calls/string_named_mixed_byref_byval_variant_double_local_coerce	compiled
calls/string_named_mixed_byref_byval_variant_empty_local_coerce	compiled
calls/string_named_mixed_byref_byval_variant_error_local_coerce	compiled
calls/string_named_mixed_byref_byval_variant_integer_local_coerce	compiled
calls/string_named_mixed_byref_byval_variant_local_coerce	compiled
calls/string_named_mixed_byref_byval_variant_longlong_local_coerce	compiled
calls/string_named_mixed_byref_byval_variant_null_local_coerce_error	raised
calls/string_named_mixed_byref_byval_variant_single_local_coerce	compiled
calls/string_named_mixed_byref_byval_variant_string_local_coerce	compiled
calls/string_return_to_variant	compiled
calls/three_arg_function_return_long	compiled
calls/two_arg_function_return_long	compiled
calls/variant_byref	compiled
calls/variant_return	compiled
calls/variant_return_empty_to_string	compiled
calls/variant_return_null_to_long_error	raised
calls/variant_return_null_to_string_error	raised
calls/variant_return_to_bool_coerce	compiled
calls/variant_return_to_double	compiled
calls/variant_return_to_long	compiled
calls/variant_return_to_string_boolean_payload	compiled
calls/variant_return_to_string_byte_payload	compiled
calls/variant_return_to_string_coerce	compiled
calls/variant_return_to_string_currency_payload	compiled
calls/variant_return_to_string_date_payload	compiled
calls/variant_return_to_string_decimal_payload	compiled
calls/variant_return_to_string_double_payload	compiled
calls/variant_return_to_string_error_payload	compiled
calls/variant_return_to_string_integer_payload	compiled
calls/variant_return_to_string_longlong_payload	compiled
calls/variant_return_to_string_single_payload	compiled
calls/variant_return_to_string_string_payload	compiled
control/consolidate_for_gosub_mix	compiled
control/consolidate_for_select_call	compiled
control/consolidate_while_byref_mix	compiled
control/for_each_array_dynamic	compiled
control/for_each_array_dynamic_explicit_lower_bound	compiled
control/for_each_array_dynamic_item_after_completion	compiled
control/for_each_array_literal	compiled
control/for_each_array_literal_empty_skips	compiled
control/for_each_array_literal_item_after_completion	compiled
control/for_each_array_variable	compiled
control/for_each_array_variable_explicit_lower_bound	compiled
control/for_each_array_variable_item_after_completion	compiled
control/for_each_boolean_array_dynamic	compiled
control/for_each_boolean_array_dynamic_explicit_lower_bound	compiled
control/for_each_boolean_array_dynamic_item_after_completion	compiled
control/for_each_boolean_array_dynamic_multidim_order	compiled
control/for_each_boolean_array_fixed	compiled
control/for_each_boolean_array_fixed_explicit_lower_bound	compiled
control/for_each_boolean_array_fixed_item_after_completion	compiled
control/for_each_boolean_array_fixed_multidim_order	compiled
control/for_each_boolean_scalar_error	raised
control/for_each_byte_array_dynamic	compiled
control/for_each_byte_array_dynamic_explicit_lower_bound	compiled
control/for_each_byte_array_dynamic_item_after_completion	compiled
control/for_each_byte_array_dynamic_multidim_order	compiled
control/for_each_byte_array_fixed	compiled
control/for_each_byte_array_fixed_explicit_lower_bound	compiled
control/for_each_byte_array_fixed_item_after_completion	compiled
control/for_each_byte_array_fixed_multidim_order	compiled
control/for_each_byte_scalar_error	raised
control/for_each_currency_array_dynamic	compiled
control/for_each_currency_array_dynamic_explicit_lower_bound	compiled
control/for_each_currency_array_dynamic_item_after_completion	compiled
control/for_each_currency_array_dynamic_multidim_order	compiled
control/for_each_currency_array_fixed	compiled
control/for_each_currency_array_fixed_explicit_lower_bound	compiled
control/for_each_currency_array_fixed_item_after_completion	compiled
control/for_each_currency_array_fixed_multidim_order	compiled
control/for_each_currency_scalar_error	raised
control/for_each_date_array_dynamic	compiled
control/for_each_date_array_dynamic_explicit_lower_bound	compiled
control/for_each_date_array_dynamic_item_after_completion	compiled
control/for_each_date_array_dynamic_multidim_order	compiled
control/for_each_date_array_fixed	compiled
control/for_each_date_array_fixed_explicit_lower_bound	compiled
control/for_each_date_array_fixed_item_after_completion	compiled
control/for_each_date_array_fixed_multidim_order	compiled
control/for_each_date_scalar_error	raised
control/for_each_double_array_dynamic	compiled
control/for_each_double_array_dynamic_explicit_lower_bound	compiled
control/for_each_double_array_dynamic_item_after_completion	compiled
control/for_each_double_array_dynamic_multidim_order	compiled
control/for_each_double_array_fixed	compiled
control/for_each_double_array_fixed_explicit_lower_bound	compiled
control/for_each_double_array_fixed_item_after_completion	compiled
control/for_each_double_array_fixed_multidim_order	compiled
control/for_each_double_scalar_error	raised
control/for_each_fixed_string_array_dynamic	compiled
control/for_each_fixed_string_array_dynamic_3d_item_after_completion_bundle	compiled
control/for_each_fixed_string_array_dynamic_3d_order	compiled
control/for_each_fixed_string_array_dynamic_3d_width_bundle	compiled
control/for_each_fixed_string_array_dynamic_4d_item_after_completion_bundle	compiled
control/for_each_fixed_string_array_dynamic_4d_order	compiled
control/for_each_fixed_string_array_dynamic_4d_width_bundle	compiled
control/for_each_fixed_string_array_dynamic_item_after_completion_bundle	compiled
control/for_each_fixed_string_array_dynamic_multidim_item_after_completion_bundle	compiled
control/for_each_fixed_string_array_dynamic_multidim_order	compiled
control/for_each_fixed_string_array_dynamic_multidim_width_bundle	compiled
control/for_each_fixed_string_array_dynamic_width_bundle	compiled
control/for_each_fixed_string_array_fixed	compiled
control/for_each_fixed_string_array_fixed_3d_item_after_completion_bundle	compiled
control/for_each_fixed_string_array_fixed_3d_order	compiled
control/for_each_fixed_string_array_fixed_3d_width_bundle	compiled
control/for_each_fixed_string_array_fixed_4d_item_after_completion_bundle	compiled
control/for_each_fixed_string_array_fixed_4d_order	compiled
control/for_each_fixed_string_array_fixed_4d_width_bundle	compiled
control/for_each_fixed_string_array_fixed_item_after_completion_bundle	compiled
control/for_each_fixed_string_array_fixed_multidim_item_after_completion_bundle	compiled
control/for_each_fixed_string_array_fixed_multidim_order	compiled
control/for_each_fixed_string_array_fixed_multidim_width_bundle	compiled
control/for_each_fixed_string_array_fixed_width_bundle	compiled
control/for_each_fixed_string_scalar_error	raised
control/for_each_integer_array_dynamic	compiled
control/for_each_integer_array_dynamic_explicit_lower_bound	compiled
control/for_each_integer_array_dynamic_item_after_completion	compiled
control/for_each_integer_array_dynamic_multidim_order	compiled
control/for_each_integer_array_fixed	compiled
control/for_each_integer_array_fixed_explicit_lower_bound	compiled
control/for_each_integer_array_fixed_item_after_completion	compiled
control/for_each_integer_array_fixed_multidim_order	compiled
control/for_each_integer_scalar_error	raised
control/for_each_long_array_dynamic	compiled
control/for_each_long_array_dynamic_3d_order	compiled
control/for_each_long_array_dynamic_4d_order	compiled
control/for_each_long_array_dynamic_explicit_lower_bound	compiled
control/for_each_long_array_dynamic_item_after_completion	compiled
control/for_each_long_array_dynamic_multidim_order	compiled
control/for_each_long_array_fixed	compiled
control/for_each_long_array_fixed_3d_order	compiled
control/for_each_long_array_fixed_4d_order	compiled
control/for_each_long_array_fixed_explicit_lower_bound	compiled
control/for_each_long_array_fixed_item_after_completion	compiled
control/for_each_long_array_fixed_multidim_order	compiled
control/for_each_long_scalar_error	raised
control/for_each_longlong_array_dynamic	compiled
control/for_each_longlong_array_dynamic_explicit_lower_bound	compiled
control/for_each_longlong_array_dynamic_item_after_completion	compiled
control/for_each_longlong_array_dynamic_multidim_order	compiled
control/for_each_longlong_array_fixed	compiled
control/for_each_longlong_array_fixed_explicit_lower_bound	compiled
control/for_each_longlong_array_fixed_item_after_completion	compiled
control/for_each_longlong_array_fixed_multidim_order	compiled
control/for_each_longlong_scalar_error	raised
control/for_each_single_array_dynamic	compiled
control/for_each_single_array_dynamic_explicit_lower_bound	compiled
control/for_each_single_array_dynamic_item_after_completion	compiled
control/for_each_single_array_dynamic_multidim_order	compiled
control/for_each_single_array_fixed	compiled
control/for_each_single_array_fixed_explicit_lower_bound	compiled
control/for_each_single_array_fixed_item_after_completion	compiled
control/for_each_single_array_fixed_multidim_order	compiled
control/for_each_single_scalar_error	raised
control/for_each_string_array_dynamic	compiled
control/for_each_string_array_dynamic_4d_order	compiled
control/for_each_string_array_dynamic_explicit_lower_bound	compiled
control/for_each_string_array_dynamic_item_after_completion	compiled
control/for_each_string_array_dynamic_multidim_order	compiled
control/for_each_string_array_fixed	compiled
control/for_each_string_array_fixed_4d_order	compiled
control/for_each_string_array_fixed_explicit_lower_bound	compiled
control/for_each_string_array_fixed_item_after_completion	compiled
control/for_each_string_array_fixed_multidim_order	compiled
control/for_each_string_scalar_error	raised
control/for_each_typed_scalar_3d_item_after_completion_bundle	compiled
control/for_each_typed_scalar_3d_order_bundle	compiled
control/for_each_typed_scalar_4d_item_after_completion_bundle	compiled
control/for_each_typed_scalar_4d_order_bundle	compiled
control/for_each_typed_scalar_dynamic_3d_item_after_completion_bundle	compiled
control/for_each_typed_scalar_dynamic_3d_order_bundle	compiled
control/for_each_typed_scalar_dynamic_4d_item_after_completion_bundle	compiled
control/for_each_typed_scalar_dynamic_4d_order_bundle	compiled
control/for_each_typed_scalar_dynamic_multidim_item_after_completion_bundle	compiled
control/for_each_typed_scalar_multidim_item_after_completion_bundle	compiled
control/for_each_variant_scalar_error	raised
control/gosub_loop_accumulate	compiled
control/gosub_nested_labels	compiled
error/consolidate_gosub_error_mix	compiled
error/error_nested_mode_transitions	compiled
error/error_resume_function_propagation	compiled
error/gosub_return_without_gosub	raised
error/gosub_return_without_gosub_label_handler	compiled
error/gosub_return_without_gosub_resume_next	compiled
inline/bool_logical_expr	compiled
inline/bool_numeric_assignment	compiled
inline/builtin_abs_bool	compiled
inline/builtin_abs_currency	compiled
inline/builtin_abs_double	compiled
inline/builtin_abs_empty	compiled
inline/builtin_abs_integer	compiled
inline/builtin_abs_integer_min	compiled
inline/builtin_abs_long	compiled
inline/builtin_abs_long_min	compiled
inline/builtin_abs_longlong	compiled
inline/builtin_abs_null	compiled
inline/builtin_abs_single	compiled
inline/builtin_case_variant_exprs	compiled
inline/builtin_cbool_expr	compiled
inline/builtin_cbyte_expr	compiled
inline/builtin_ccur_expr	compiled
inline/builtin_cdate_expr	compiled
inline/builtin_cdbl_expr	compiled
inline/builtin_cdec_expr	compiled
inline/builtin_chrw_ascw_variant_exprs	compiled
inline/builtin_cint_expr	compiled
inline/builtin_clng_expr	compiled
inline/builtin_clnglng_expr	compiled
inline/builtin_clngptr_expr	compiled
inline/builtin_conversion_variant_operands	compiled
inline/builtin_csng_expr	compiled
inline/builtin_cstr_expr	compiled
inline/builtin_cvar_expr	compiled
inline/builtin_cverr_expr	compiled
inline/builtin_cverr_invalid	raised
inline/builtin_date_name_exprs	compiled
inline/builtin_date_name_optional_args	compiled
inline/builtin_date_part_exprs	compiled
inline/builtin_date_serial_range_error	raised
inline/builtin_date_serial_time_serial_exprs	compiled
inline/builtin_date_value_time_value_exprs	compiled
inline/builtin_error_text_alias_destination_invalid	raised
inline/builtin_error_text_alias_destinations	compiled
inline/builtin_error_text_expr	compiled
inline/builtin_error_text_invalid_expr	raised
inline/builtin_error_text_result_destination_invalid	raised
inline/builtin_error_text_result_destinations	compiled
inline/builtin_error_text_unknown_expr	compiled
inline/builtin_exp_overflow	raised
inline/builtin_fix_bool	compiled
inline/builtin_fix_currency	compiled
inline/builtin_fix_date	compiled
inline/builtin_fix_double	compiled
inline/builtin_fix_empty	compiled
inline/builtin_fix_integer	compiled
inline/builtin_fix_long	compiled
inline/builtin_fix_longlong	compiled
inline/builtin_fix_null	compiled
inline/builtin_fix_single	compiled
inline/builtin_hex_expr	compiled
inline/builtin_hex_oct_negative_width_exprs	compiled
inline/builtin_information_exprs	compiled
inline/builtin_instr_instrrev_variant_exprs	compiled
inline/builtin_int_bool	compiled
inline/builtin_int_currency	compiled
inline/builtin_int_date	compiled
inline/builtin_int_double	compiled
inline/builtin_int_empty	compiled
inline/builtin_int_integer	compiled
inline/builtin_int_long	compiled
inline/builtin_int_longlong	compiled
inline/builtin_int_null	compiled
inline/builtin_int_single	compiled
inline/builtin_isarray_dynamic_array_exprs	compiled
inline/builtin_isarray_variant_carrier_exprs	compiled
inline/builtin_left_negative_count	raised
inline/builtin_left_right_variant_complement_count_edges	compiled
inline/builtin_left_right_variant_count_edges	compiled
inline/builtin_left_right_variant_exact_source_count	compiled
inline/builtin_left_right_variant_exprs	compiled
inline/builtin_left_right_variant_unit_count	compiled
inline/builtin_leftb_negative_count	raised
inline/builtin_leftb_rightb_odd_byte_exprs	compiled
inline/builtin_leftb_rightb_variant_byte_count_edges	compiled
inline/builtin_leftb_rightb_variant_complement_byte_count_edges	compiled
inline/builtin_leftb_rightb_variant_exact_byte_source_count	compiled
inline/builtin_leftb_rightb_variant_exprs	compiled
inline/builtin_leftb_rightb_variant_odd_byte_exprs	compiled
inline/builtin_leftb_rightb_variant_three_code_unit_byte_count	compiled
inline/builtin_leftb_rightb_variant_unit_code_unit_byte_count	compiled
inline/builtin_len_variant_expr	compiled
inline/builtin_lenb_variant_expr	compiled
inline/builtin_like_variant_expr	compiled
inline/builtin_log_invalid	raised
inline/builtin_math_unary_exprs	compiled
inline/builtin_mid_variant_exact_full_source_count	compiled
inline/builtin_mid_variant_exact_last_char	compiled
inline/builtin_mid_variant_exact_prefix_count	compiled
inline/builtin_mid_variant_exact_suffix_count	compiled
inline/builtin_mid_variant_expr	compiled
inline/builtin_mid_variant_negative_length	raised
inline/builtin_mid_variant_negative_start	raised
inline/builtin_mid_variant_omitted_length_expr	compiled
inline/builtin_mid_variant_omitted_length_full_source	compiled
inline/builtin_mid_variant_omitted_length_overlong_start	compiled
inline/builtin_mid_variant_omitted_length_suffix	compiled
inline/builtin_mid_variant_overlong_count	compiled
inline/builtin_mid_variant_overlong_count_full_source	compiled
inline/builtin_mid_variant_overlong_count_middle	compiled
inline/builtin_mid_variant_overlong_start	compiled
inline/builtin_mid_variant_start_zero	raised
inline/builtin_mid_variant_zero_length	compiled
inline/builtin_mid_variant_zero_length_at_end	compiled
inline/builtin_mid_variant_zero_length_middle	compiled
inline/builtin_oct_expr	compiled
inline/builtin_qbcolor_out_of_range	raised
inline/builtin_qbcolor_palette_exprs	compiled
inline/builtin_replace_variant_expr	compiled
inline/builtin_rgb_component_exprs	compiled
inline/builtin_rgb_qbcolor_exprs	compiled
inline/builtin_right_negative_count	raised
inline/builtin_rightb_negative_count	raised
inline/builtin_round_digits_expr	compiled
inline/builtin_round_expr	compiled
inline/builtin_round_negative_digits	raised
inline/builtin_scalar_result_destination_coercion_overflow	raised
inline/builtin_scalar_result_destination_coercions	compiled
inline/builtin_scalar_result_destination_families	compiled
inline/builtin_scalar_result_destination_null_error	raised
inline/builtin_scalar_result_destinations	compiled
inline/builtin_sgn_bool	compiled
inline/builtin_sgn_currency	compiled
inline/builtin_sgn_double	compiled
inline/builtin_sgn_empty	compiled
inline/builtin_sgn_integer	compiled
inline/builtin_sgn_long	compiled
inline/builtin_sgn_longlong	compiled
inline/builtin_sgn_null	raised
inline/builtin_sgn_single	compiled
inline/builtin_sgn_zero	compiled
inline/builtin_space_expr	compiled
inline/builtin_space_negative_count	raised
inline/builtin_sqr_invalid	raised
inline/builtin_static_string_companion_operands	compiled
inline/builtin_static_string_left_negative_count	raised
inline/builtin_static_string_left_right_count_edges	compiled
inline/builtin_static_string_leftb_negative_count	raised
inline/builtin_static_string_leftb_rightb_byte_count_edges	compiled
inline/builtin_static_string_leftb_rightb_byte_counts	compiled
inline/builtin_static_string_leftb_rightb_complement_byte_count_edges	compiled
inline/builtin_static_string_leftb_rightb_exact_byte_source_count	compiled
inline/builtin_static_string_mid_boundary_value_edges	compiled
inline/builtin_static_string_mid_count_edges	compiled
inline/builtin_static_string_mid_negative_length	raised
inline/builtin_static_string_mid_negative_start	raised
inline/builtin_static_string_mid_start_zero	raised
inline/builtin_static_string_mid_value_edges	compiled
inline/builtin_static_string_operands	compiled
inline/builtin_static_string_optional_args	compiled
inline/builtin_static_string_right_negative_count	raised
inline/builtin_static_string_rightb_negative_count	raised
inline/builtin_str_expr	compiled
inline/builtin_str_reverse_variant_expr	compiled
inline/builtin_strcomp_variant_exprs	compiled
inline/builtin_string_boolean_slice_args	compiled
inline/builtin_string_byte_slice_args	compiled
inline/builtin_string_currency_slice_args	compiled
inline/builtin_string_date_slice_args	compiled
inline/builtin_string_decimal_slice_args	compiled
inline/builtin_string_double_slice_args	compiled
inline/builtin_string_empty_slice_args	compiled
inline/builtin_string_error_slice_args	compiled
inline/builtin_string_integer_slice_args	compiled
inline/builtin_string_literal_companion_args	compiled
inline/builtin_string_literal_left_negative_count	raised
inline/builtin_string_literal_left_right_count_edges	compiled
inline/builtin_string_literal_leftb_negative_count	raised
inline/builtin_string_literal_leftb_rightb_byte_count_edges	compiled
inline/builtin_string_literal_leftb_rightb_byte_counts	compiled
inline/builtin_string_literal_leftb_rightb_complement_byte_count_edges	compiled
inline/builtin_string_literal_leftb_rightb_exact_byte_source_count	compiled
inline/builtin_string_literal_leftb_rightb_odd_byte_exprs	compiled
inline/builtin_string_literal_mid_boundary_value_edges	compiled
inline/builtin_string_literal_mid_count_edges	compiled
inline/builtin_string_literal_mid_negative_length	raised
inline/builtin_string_literal_mid_negative_start	raised
inline/builtin_string_literal_mid_start_zero	raised
inline/builtin_string_literal_mid_value_edges	compiled
inline/builtin_string_literal_right_negative_count	raised
inline/builtin_string_literal_rightb_negative_count	raised
inline/builtin_string_literal_variant_args	compiled
inline/builtin_string_longlong_slice_args	compiled
inline/builtin_string_null_slice_args	compiled
inline/builtin_string_numeric_slice_args	compiled
inline/builtin_string_optional_args	compiled
inline/builtin_string_repeat_charcode_expr	compiled
inline/builtin_string_repeat_charcode_wrap_expr	compiled
inline/builtin_string_repeat_negative_count	raised
inline/builtin_string_result_destinations	compiled
inline/builtin_string_single_slice_args	compiled
inline/builtin_string_typed_alias_destinations	compiled
inline/builtin_string_typed_alias_null_error	raised
inline/builtin_string_typed_aliases	compiled
inline/builtin_trim_variant_exprs	compiled
inline/builtin_val_variant_expr	compiled
inline/builtin_weekday_expr	compiled
inline/builtin_weekday_firstday_expr	compiled
inline/byte_arithmetic	compiled
inline/coercion_null_empty_error_predicates	compiled
inline/conversion_cint_basic	compiled
inline/conversion_clng_cint_chain	compiled
inline/conversion_extended_scalar_subset	compiled
inline/conversion_nested_clng_cint	compiled
inline/conversion_val_str_subset	compiled
inline/currency_arithmetic	compiled
inline/currency_compare_expr	compiled
inline/currency_negation	compiled
inline/currency_truthy_expr	compiled
inline/date_arithmetic	compiled
inline/date_compare_expr	compiled
inline/date_truthy_expr	compiled
inline/double_arithmetic	compiled
inline/double_compare_expr	compiled
inline/double_division	compiled
inline/double_exponentiation	compiled
inline/double_negation	compiled
inline/double_truthy_expr	compiled
inline/err_clear_basic	compiled
inline/err_clear_full_surface_reset	compiled
inline/err_proc_call_boundary_clears	compiled
inline/err_resume_next_clears	compiled
inline/err_surface_fields_subset	compiled
inline/error_goto_label_resume_next	compiled
inline/error_raise_custom_clear_cycle	compiled
inline/financial_algorithm_rate_nper_subset	compiled
inline/fixed_integer_logical_expr	compiled
inline/fixed_string_global_null_error	raised
inline/fixed_string_global_pad_truncate	compiled
inline/fixed_string_local_null_error	raised
inline/fixed_string_local_pad_truncate	compiled
inline/for_loop	compiled
inline/integer_arithmetic	compiled
inline/introspection_vartype_isnumeric_tags	compiled
inline/long_intdiv_mod	compiled
inline/long_logical_expr	compiled
inline/long_negation	compiled
inline/longlong_arithmetic	compiled
inline/longlong_compare_expr	compiled
inline/longlong_eqv_expr	compiled
inline/longlong_intdiv_mod	compiled
inline/longlong_logical_expr	compiled
inline/longlong_mixed_logical_expr	compiled
inline/longlong_negation	compiled
inline/longlong_not_expr	compiled
inline/longlong_truthy_expr	compiled
inline/mixed_fixed_integer_compare_expr	compiled
inline/on_error_default_fail	raised
inline/on_error_goto_label_resume	compiled
inline/on_error_goto_zero_fail	raised
inline/on_error_resume_continue	compiled
inline/on_error_resume_next	compiled
inline/resume_label_basic	compiled
inline/resume_next_statement_ok	compiled
inline/resume_statement_basic	compiled
inline/single_arithmetic	compiled
inline/single_compare_expr	compiled
inline/single_negation	compiled
inline/single_truthy_expr	compiled
inline/stdlib_advanced_instrrev_like	compiled
inline/stdlib_advanced_replace_trim	compiled
inline/stdlib_advanced_split_join	raised
inline/stdlib_advanced_strcomp	compiled
inline/stdlib_date_add_diff	raised
inline/stdlib_date_serial_value	compiled
inline/stdlib_date_string_policy	compiled
inline/stdlib_datetime_expansion	compiled
inline/stdlib_error_cverr_identity	compiled
inline/stdlib_error_err_raise_fail	raised
inline/stdlib_error_err_raise_resume	compiled
inline/stdlib_financial_zero_rate	compiled
inline/stdlib_format_core	compiled
inline/stdlib_instr_case_ops	compiled
inline/stdlib_len_basic	compiled
inline/stdlib_math_primitives	raised
inline/stdlib_math_transcendental_identity	compiled
inline/stdlib_numeric_expansion	compiled
inline/stdlib_rnd_isolated	compiled
inline/stdlib_slice_ops	compiled
inline/stdlib_string_expansion_core	compiled
inline/stdlib_time_serial_value	compiled
inline/stdlib_variant_predicates	compiled
inline/straight_line_long_arithmetic	compiled
inline/string_destination_null_variant	raised
inline/string_vbnullstring_predicates	compiled
inline/variant_arithmetic_mixed_expr	compiled
inline/variant_arithmetic_null_expr	compiled
inline/variant_bool_coerce_expr	compiled
inline/variant_box_assignment	compiled
inline/variant_byte_coerce_expr	compiled
inline/variant_compare_expr	compiled
inline/variant_compare_numeric_expr	compiled
inline/variant_currency_coerce_expr	compiled
inline/variant_date_coerce_expr	compiled
inline/variant_double_coerce_expr	compiled
inline/variant_integer_coerce_expr	compiled
inline/variant_logical_expr	compiled
inline/variant_logical_numeric_expr	compiled
inline/variant_long_coerce_expr	compiled
inline/variant_longlong_coerce_expr	compiled
inline/variant_negation_expr	compiled
inline/variant_single_coerce_expr	compiled
inline/variant_truthy_expr	compiled
params/paramarray_alias_copyout	compiled
params/paramarray_array_element_alias_copyout	compiled
params/paramarray_bounds_explicit_dim	compiled
params/paramarray_byval_no_alias	compiled
params/paramarray_duplicate_alias_copyout	compiled
params/paramarray_empty_ubound	compiled
params/paramarray_global_alias_copyout	compiled
params/paramarray_global_byval_no_alias	compiled
params/paramarray_global_parenthesized_no_alias	compiled
params/paramarray_global_string_alias_copyout	compiled
params/paramarray_global_string_byval_no_alias	compiled
params/paramarray_global_string_parenthesized_no_alias	compiled
params/paramarray_lbound_dim_zero_error	raised
params/paramarray_named_fixed_tail_alias_copyout	compiled
params/paramarray_named_fixed_tail_array_element_alias_copyout	compiled
params/paramarray_named_fixed_tail_array_element_byval_no_alias	compiled
params/paramarray_named_fixed_tail_array_element_parenthesized_no_alias	compiled
params/paramarray_named_fixed_tail_byval_no_alias	compiled
params/paramarray_named_fixed_tail_duplicate_alias_copyout	compiled
params/paramarray_named_fixed_tail_duplicate_byval_no_alias	compiled
params/paramarray_named_fixed_tail_duplicate_parenthesized_no_alias	compiled
params/paramarray_named_fixed_tail_global_alias_copyout	compiled
params/paramarray_named_fixed_tail_global_byval_no_alias	compiled
params/paramarray_named_fixed_tail_global_fixed_string_alias_copyout	compiled
params/paramarray_named_fixed_tail_global_fixed_string_byval_no_alias	compiled
params/paramarray_named_fixed_tail_global_fixed_string_parenthesized_no_alias	compiled
params/paramarray_named_fixed_tail_global_longptr_alias_copyout	compiled
params/paramarray_named_fixed_tail_global_longptr_byval_no_alias	compiled
params/paramarray_named_fixed_tail_global_longptr_parenthesized_no_alias	compiled
params/paramarray_named_fixed_tail_global_parenthesized_no_alias	compiled
params/paramarray_named_fixed_tail_global_string_alias_copyout	compiled
params/paramarray_named_fixed_tail_global_string_byval_no_alias	compiled
params/paramarray_named_fixed_tail_global_string_parenthesized_no_alias	compiled
params/paramarray_named_fixed_tail_global_typed_scalar_alias_bundle_copyout	compiled
params/paramarray_named_fixed_tail_global_typed_scalar_byval_no_alias	compiled
params/paramarray_named_fixed_tail_global_typed_scalar_parenthesized_no_alias	compiled
params/paramarray_named_fixed_tail_pack	compiled
params/paramarray_named_fixed_tail_parenthesized_no_alias	compiled
params/paramarray_named_fixed_tail_typed_fixed_string_alias_copyout	compiled
params/paramarray_named_fixed_tail_typed_fixed_string_byval_no_alias	compiled
params/paramarray_named_fixed_tail_typed_fixed_string_parenthesized_no_alias	compiled
params/paramarray_named_fixed_tail_typed_long_string_alias_copyout	compiled
params/paramarray_named_fixed_tail_typed_long_string_byval_no_alias	compiled
params/paramarray_named_fixed_tail_typed_long_string_parenthesized_no_alias	compiled
params/paramarray_named_fixed_tail_typed_longptr_alias_copyout	compiled
params/paramarray_named_fixed_tail_typed_longptr_byval_no_alias	compiled
params/paramarray_named_fixed_tail_typed_longptr_parenthesized_no_alias	compiled
params/paramarray_named_fixed_tail_typed_scalar_alias_bundle_copyout	compiled
params/paramarray_named_fixed_tail_typed_scalar_byval_no_alias	compiled
params/paramarray_named_fixed_tail_typed_scalar_parenthesized_no_alias	compiled
params/paramarray_omitted_tail_empty	compiled
params/paramarray_option_base_one_bounds	compiled
params/paramarray_pack_ubound	compiled
params/paramarray_parenthesized_no_alias	compiled
params/paramarray_typed_boolean_alias_copyout	compiled
params/paramarray_typed_byte_alias_copyout	compiled
params/paramarray_typed_currency_alias_copyout	compiled
params/paramarray_typed_date_alias_copyout	compiled
params/paramarray_typed_double_alias_copyout	compiled
params/paramarray_typed_fixed_string_alias_copyout	compiled
params/paramarray_typed_integer_alias_copyout	compiled
params/paramarray_typed_longlong_alias_copyout	compiled
params/paramarray_typed_longptr_alias_copyout	compiled
params/paramarray_typed_scalar_alias_copyout	compiled
params/paramarray_typed_single_alias_copyout	compiled
params/paramarray_typed_string_alias_copyout	compiled
params/paramarray_ubound_dim_too_high_error	raised
params/paramarray_variant_array_element_mutation	compiled
