    Finished `test` profile [unoptimized + debuginfo] target(s) in 0.16s
     Running unittests src\lib.rs (target\debug\deps\oxvba_host-119b167247d47411.exe)

running 1 test
test project::tests::type_library_resolution_binds_unique_libid_identity ... ok

test result: ok. 1 passed; 0 failed; 0 ignored; 0 measured; 388 filtered out; finished in 0.00s

     Running tests\com_client_end_to_end.rs (target\debug\deps\com_client_end_to_end-ee29b9689bc0eee5.exe)

running 0 tests

test result: ok. 0 passed; 0 failed; 0 ignored; 0 measured; 5 filtered out; finished in 0.00s

     Running tests\com_client_registered_lane.rs (target\debug\deps\com_client_registered_lane-b494b64bd4cfbbb8.exe)

running 0 tests

test result: ok. 0 passed; 0 failed; 0 ignored; 0 measured; 5 filtered out; finished in 0.00s

     Running tests\com_early_project_end_to_end.rs (target\debug\deps\com_early_project_end_to_end-6f0b03a29c8b86fa.exe)

running 0 tests

test result: ok. 0 passed; 0 failed; 0 ignored; 0 measured; 4 filtered out; finished in 0.00s

     Running tests\end_to_end_mix.rs (target\debug\deps\end_to_end_mix-377ba4ee7dc557f8.exe)

running 0 tests

test result: ok. 0 passed; 0 failed; 0 ignored; 0 measured; 5 filtered out; finished in 0.00s

     Running tests\project_integration_suite.rs (target\debug\deps\project_integration_suite-c820808fc620b511.exe)

running 0 tests

test result: ok. 0 passed; 0 failed; 0 ignored; 0 measured; 2 filtered out; finished in 0.00s

